-- The CXX compiler identification is GNU 14.2.0
-- Detecting CXX compiler ABI info
-- Detecting CXX compiler ABI info - done
-- Check for working CXX compiler: /usr/bin/c++ - skipped
-- Detecting CXX compile features
-- Detecting CXX compile features - done
-- Performing Test CMAKE_HAVE_LIBC_PTHREAD
-- Performing Test CMAKE_HAVE_LIBC_PTHREAD - Success
-- Found Threads: TRUE
-- Performing Test HAVE_STDATOMIC
-- Performing Test HAVE_STDATOMIC - Success
-- Found WrapAtomic: TRUE
-- Found OpenGL: /usr/lib/x86_64-linux-gnu/libOpenGL.so
-- Found WrapOpenGL: TRUE
-- Could NOT find XKB (missing: XKB_LIBRARY XKB_INCLUDE_DIR) (Required is at least version "0.5.0")
-- Found WrapVulkanHeaders: /usr/include
-- Building With Qt6
-- Found Python3: /opt/pyvenv/bin/python3 (found suitable version "3.13.5", minimum required is "3.11") found components: Interpreter
-- Configuring done (6.1s)
-- Generating done (0.1s)
-- Build files have been written to: /mnt/data/audit/build-sanitized
